Microchip MPLAB XC8 Compiler V2.10 ()

Linker command line:

-W-3 --edf=C:\Program Files (x86)\Microchip\xc8\v2.10\pic\dat\en_msgs.txt \
  -cs -h+dist/default/production\TesteAD.X.production.sym \
  --cmf=dist/default/production\TesteAD.X.production.cmf -z -Q18F46K80 \
  -oC:\Users\FLAVIO~1.LUC\AppData\Local\Temp\s7mk.2 \
  --defsym=__MPLAB_BUILD=1 \
  -Mdist/default/production/TesteAD.X.production.map -E1 -ver=XC8 \
  --acfsm=1493 -ASTACK=01E2h-0E40h -pstack=STACK -ACODE=00h-0FFFFh \
  -ACONST=00h-0FFFFh -ASMALLCONST=0F00h-0FFFhx241 \
  -AMEDIUMCONST=0F00h-0FFFFh -ACOMRAM=01h-05Fh -AABS1=00h-0E40h \
  -ABIGRAM=01h-0E40h -ARAM=060h-0FFh,0100h-01FFhx13,0E00h-0E40h \
  -ABANK0=060h-0FFh -ABANK1=0100h-01FFh -ABANK2=0200h-02FFh \
  -ABANK3=0300h-03FFh -ABANK4=0400h-04FFh -ABANK5=0500h-05FFh \
  -ABANK6=0600h-06FFh -ABANK7=0700h-07FFh -ABANK8=0800h-08FFh \
  -ABANK9=0900h-09FFh -ABANK10=0A00h-0AFFh -ABANK11=0B00h-0BFFh \
  -ABANK12=0C00h-0CFFh -ABANK13=0D00h-0DFFh -ABANK14=0E00h-0E40h \
  -ASFR=0E41h-0EFFh,0F00h-0F5Fh,0F60h-0FFFh \
  -preset_vec=00h,intcode=08h,intcodelo,powerup,init -pramtop=0F00h \
  -psmallconst=SMALLCONST -pmediumconst=MEDIUMCONST -pconst=CONST \
  -AFARRAM=00h-00h -ACONFIG=0300000h-030000Dh -pconfig=CONFIG \
  -AIDLOC=0200000h-0200007h -pidloc=IDLOC -AEEDATA=0F00000h-0F003FFh \
  -peeprom_data=EEDATA \
  -prdata=COMRAM,nvrram=COMRAM,nvbit=COMRAM,rbss=COMRAM,rbit=COMRAM \
  -pfarbss=FARRAM,fardata=FARRAM,nvFARRAM=FARRAM \
  -pintsave_regs=BIGRAM,bigbss=BIGRAM,bigdata=BIGRAM -pbss=RAM \
  -pidata=CODE,irdata=CODE,ibigdata=CODE,ifardata=CODE -prparam=COMRAM \
  C:\Users\FLAVIO~1.LUC\AppData\Local\Temp\s7mk.o \
  dist/default/production\TesteAD.X.production.o 

Object code version is 3.11

Machine type is 18F46K80

Call graph: (short form)




                Name                               Link     Load   Length Selector   Space Scale
C:\Users\FLAVIO~1.LUC\AppData\Local\Temp\s7mk.o
                init                                 3E       3E        4        4       0
                reset_vec                             0        0        4        0       0
                idloc                            200000   200000        8   200000       0
                config                           300000   300000        E   300000       0
dist/default/production\TesteAD.X.production.o
                intcode                               8        8       36        4       0
                temp                                 5B       5B        1        1       1
                smallconst                          F00      F00       92      780       0
                text77                             50D8     50D8        2      7C9       0
                text76                             5084     5084       10      7C9       0
                text75                             4D18     4D18       3A      7C9       0
                text73                             4FA6     4FA6       1A      7C9       0
                text72                             4764     4764       94      7C9       0
                text71                             3E38     3E38       F2      7C9       0
                text70                             4C54     4C54       44      7C9       0
                text69                             26EC     26EC      42A      7C9       0
                text68                             3548     3548      1B4      7C9       0
                text67                             36FC     36FC      1A4      7C9       0
                text66                             4574     4574       A8      7C9       0
                text65                             4A72     4A72       5C      7C9       0
                text64                             4F52     4F52       20      7C9       0
                text63                             48EA     48EA       66      7C9       0
                text62                             4E32     4E32       38      7C9       0
                text61                             4CD8     4CD8       40      7C9       0
                text60                             4F8C     4F8C       1A      7C9       0
                text59                             4F0A     4F0A       26      7C9       0
                text58                             4DFA     4DFA       38      7C9       0
                text57                             4B78     4B78       52      7C9       0
                text56                             38A0     38A0      19A      7C9       0
                text55                             4356     4356       C4      7C9       0
                text54                             441A     441A       B0      7C9       0
                text53                             2B16     2B16      39A      7C9       0
                text52                             44CA     44CA       AA      7C9       0
                text51                             3B40     3B40      104      7C9       0
                text50                             4DC2     4DC2       38      7C9       0
                text49                             222C     222C      4C0      7C9       0
                text48                             4BCA     4BCA       46      7C9       0
                text47                             3A3A     3A3A      106      7C9       0
                text46                             3C44     3C44       FE      7C9       0
                text45                             3132     3132      212      7C9       0
                text44                             50D6     50D6        2      7C9       0
                text43                             41C6     41C6       CA      7C9       0
                text42                             4C10     4C10       44      7C9       0
                text41                             4EA0     4EA0       36      7C9       0
                text40                             4290     4290       C6      7C9       0
                text39                             4A14     4A14       5E      7C9       0
                text38                             4D8A     4D8A       38      7C9       0
                text37                             49B4     49B4       60      7C9       0
                text36                              F92      F92      BB0      7C9       0
                text35                             401A     401A       DC      7C9       0
                text34                             3F2A     3F2A       F0      7C9       0
                text33                             40F6     40F6       D0      7C9       0
                text32                             3344     3344      204      7C9       0
                text31                             1B42     1B42      6EA      7C9       0
                text30                             4950     4950       64      7C9       0
                text29                             4B26     4B26       52      7C9       0
                text28                             2EB0     2EB0      282      7C9       0
                text27                             505E     505E       14      7C9       0
                text26                             504A     504A       14      7C9       0
                text25                             4F72     4F72       1A      7C9       0
                text24                             46C0     46C0       A4      7C9       0
                text23                             3D42     3D42       F6      7C9       0
                text22                             4ED6     4ED6       34      7C9       0
                text21                             4C98     4C98       40      7C9       0
                text20                             50C8     50C8        6      7C9       0
                text19                             47F8     47F8       82      7C9       0
                text18                             5034     5034       16      7C9       0
                text17                             501E     501E       16      7C9       0
                text16                             4FF0     4FF0       18      7C9       0
                text15                             487A     487A       70      7C9       0
                text14                             50D4     50D4        2      7C9       0
                text13                             50BA     50BA        8      7C9       0
                text12                             50A2     50A2        E      7C9       0
                text11                             50C2     50C2        6      7C9       0
                text10                             5094     5094        E      7C9       0
                text9                              4F30     4F30       22      7C9       0
                text8                              50B0     50B0        A      7C9       0
                text7                              4FD8     4FD8       18      7C9       0
                text6                              461C     461C       A4      7C9       0
                text5                              50CE     50CE        4      7C9       0
                text4                              5072     5072       12      7C9       0
                text3                              4E6A     4E6A       36      7C9       0
                text2                              4D52     4D52       38      7C9       0
                text1                              5008     5008       16      7C9       0
                text0                              4FC0     4FC0       18      7C9       0
                cstackCOMRAM                          1        1       53        1       1
                cstackBANK0                          60       60       64       60       1
                cstackBANK1                         1DC      1DC        4      100       1
                dataBANK1                           1E0      1E0        2      100       1
                bssBANK1                            100      100       D8      100       1
                dataBANK0                            FF       FF        1       60       1
                bssBANK0                             C4       C4       39       60       1
                bssCOMRAM                            54       54        7        1       1
                cinit                              4ACE     4ACE       58      7C9       0
                nvBANK1                             1D8      1D8        4      100       1
                nvBANK0                              FD       FD        2       60       1
                idataBANK1                         50D2     50D2        2      7C9       0
                idataBANK0                         50DA     50DA        1      7C9       0

TOTAL           Name                               Link     Load   Length     Space
        CLASS   STACK          

        CLASS   CODE           
                intcode                               8        8       36         0
                init                                 3E       3E        4         0
                reset_vec                             0        0        4         0
                text77                             50D8     50D8        2         0
                text76                             5084     5084       10         0
                text75                             4D18     4D18       3A         0
                text73                             4FA6     4FA6       1A         0
                text72                             4764     4764       94         0
                text71                             3E38     3E38       F2         0
                text70                             4C54     4C54       44         0
                text69                             26EC     26EC      42A         0
                text68                             3548     3548      1B4         0
                text67                             36FC     36FC      1A4         0
                text66                             4574     4574       A8         0
                text65                             4A72     4A72       5C         0
                text64                             4F52     4F52       20         0
                text63                             48EA     48EA       66         0
                text62                             4E32     4E32       38         0
                text61                             4CD8     4CD8       40         0
                text60                             4F8C     4F8C       1A         0
                text59                             4F0A     4F0A       26         0
                text58                             4DFA     4DFA       38         0
                text57                             4B78     4B78       52         0
                text56                             38A0     38A0      19A         0
                text55                             4356     4356       C4         0
                text54                             441A     441A       B0         0
                text53                             2B16     2B16      39A         0
                text52                             44CA     44CA       AA         0
                text51                             3B40     3B40      104         0
                text50                             4DC2     4DC2       38         0
                text49                             222C     222C      4C0         0
                text48                             4BCA     4BCA       46         0
                text47                             3A3A     3A3A      106         0
                text46                             3C44     3C44       FE         0
                text45                             3132     3132      212         0
                text44                             50D6     50D6        2         0
                text43                             41C6     41C6       CA         0
                text42                             4C10     4C10       44         0
                text41                             4EA0     4EA0       36         0
                text40                             4290     4290       C6         0
                text39                             4A14     4A14       5E         0
                text38                             4D8A     4D8A       38         0
                text37                             49B4     49B4       60         0
                text36                              F92      F92      BB0         0
                text35                             401A     401A       DC         0
                text34                             3F2A     3F2A       F0         0
                text33                             40F6     40F6       D0         0
                text32                             3344     3344      204         0
                text31                             1B42     1B42      6EA         0
                text30                             4950     4950       64         0
                text29                             4B26     4B26       52         0
                text28                             2EB0     2EB0      282         0
                text27                             505E     505E       14         0
                text26                             504A     504A       14         0
                text25                             4F72     4F72       1A         0
                text24                             46C0     46C0       A4         0
                text23                             3D42     3D42       F6         0
                text22                             4ED6     4ED6       34         0
                text21                             4C98     4C98       40         0
                text20                             50C8     50C8        6         0
                text19                             47F8     47F8       82         0
                text18                             5034     5034       16         0
                text17                             501E     501E       16         0
                text16                             4FF0     4FF0       18         0
                text15                             487A     487A       70         0
                text14                             50D4     50D4        2         0
                text13                             50BA     50BA        8         0
                text12                             50A2     50A2        E         0
                text11                             50C2     50C2        6         0
                text10                             5094     5094        E         0
                text9                              4F30     4F30       22         0
                text8                              50B0     50B0        A         0
                text7                              4FD8     4FD8       18         0
                text6                              461C     461C       A4         0
                text5                              50CE     50CE        4         0
                text4                              5072     5072       12         0
                text3                              4E6A     4E6A       36         0
                text2                              4D52     4D52       38         0
                text1                              5008     5008       16         0
                text0                              4FC0     4FC0       18         0
                cinit                              4ACE     4ACE       58         0
                idataBANK1                         50D2     50D2        2         0
                idataBANK0                         50DA     50DA        1         0

        CLASS   CONST          

        CLASS   SMALLCONST     
                smallconst                          F00      F00       92         0

        CLASS   MEDIUMCONST    

        CLASS   COMRAM         
                temp                                 5B       5B        1         1
                cstackCOMRAM                          1        1       53         1
                bssCOMRAM                            54       54        7         1

        CLASS   ABS1           

        CLASS   BIGRAM         

        CLASS   RAM            

        CLASS   BANK0          
                cstackBANK0                          60       60       64         1
                dataBANK0                            FF       FF        1         1
                bssBANK0                             C4       C4       39         1
                nvBANK0                              FD       FD        2         1

        CLASS   BANK1          
                cstackBANK1                         1DC      1DC        4         1
                dataBANK1                           1E0      1E0        2         1
                bssBANK1                            100      100       D8         1
                nvBANK1                             1D8      1D8        4         1

        CLASS   BANK2          

        CLASS   BANK3          

        CLASS   BANK4          

        CLASS   BANK5          

        CLASS   BANK6          

        CLASS   BANK7          

        CLASS   BANK8          

        CLASS   BANK9          

        CLASS   BANK10         

        CLASS   BANK11         

        CLASS   BANK12         

        CLASS   BANK13         

        CLASS   BANK14         

        CLASS   SFR            

        CLASS   FARRAM         

        CLASS   CONFIG         
                config                           300000   300000        E         0

        CLASS   IDLOC          
                idloc                            200000   200000        8         0

        CLASS   EEDATA         



SEGMENTS        Name                           Load    Length   Top    Selector   Space  Class

                reset_vec                      000000  000004  000004         0       0  CODE    
                cstackCOMRAM                   000001  00005B  00005C         1       1  COMRAM  
                intcode                        000008  00003A  000042         4       0  CODE    
                cstackBANK0                    000060  0000A0  000100        60       1  BANK0   
                bssBANK1                       000100  0000E2  0001E2       100       1  BANK1   
                smallconst                     000F00  000092  000F92       780       0  SMALLCON
                text36                         000F92  004149  0050DB       7C9       0  CODE    
                idloc                          200000  000008  200008    200000       0  IDLOC   
                config                         300000  00000E  30000E    300000       0  CONFIG  


UNUSED ADDRESS RANGES

        Name                Unused          Largest block    Delta
        BANK1            0001E2-0001FF               1E
        BANK10           000A00-000AFF              100
        BANK11           000B00-000BFF              100
        BANK12           000C00-000CFF              100
        BANK13           000D00-000DFF              100
        BANK14           000E00-000E40               41
        BANK2            000200-0002FF              100
        BANK3            000300-0003FF              100
        BANK4            000400-0004FF              100
        BANK5            000500-0005FF              100
        BANK6            000600-0006FF              100
        BANK7            000700-0007FF              100
        BANK8            000800-0008FF              100
        BANK9            000900-0009FF              100
        BIGRAM           00005C-00005F                4
                         0001E2-000E40              C5F
        CODE             000004-000007                4
                         000042-000EFF              EBE
                         0050DB-00FFFF             AF25
        COMRAM           00005C-00005F                4
        CONST            000004-000007                4
                         000042-000EFF              EBE
                         0050DB-00FFFF             AF25
        EEDATA           F00000-F003FF              400
        MEDIUMCONST      0050DB-00FFFF             AF25
        RAM              0001E2-000E40              100
        SFR              000E41-000FFF               BF
        SMALLCONST       0050DB-00FFFF              100
        STACK            0001E2-000E40              C5F

                                  Symbol Table

?_ADC_GetConversionResult                   cstackCOMRAM 000003
?_SRV_TIMER_GetTick                         cstackCOMRAM 000003
?_ServiceAD_Media                           cstackCOMRAM 000010
?___awdiv                                   cstackCOMRAM 000003
?___awmod                                   cstackCOMRAM 000003
?___fladd                                   cstackCOMRAM 000003
?___fldiv                                   cstackCOMRAM 000003
?___flmul                                   cstackCOMRAM 000011
?___flneg                                   cstackCOMRAM 000003
?___flsub                                   cstackCOMRAM 00002A
?___fltol                                   cstackCOMRAM 000003
?___fpclassifyf                             cstackCOMRAM 000003
?___lldiv                                   cstackCOMRAM 000003
?___lodiv                                   cstackCOMRAM 000003
?___lomod                                   cstackCOMRAM 000003
?___wmul                                    cstackCOMRAM 000003
?___xxtofl                                  cstackCOMRAM 000003
?_atoi                                      cstackCOMRAM 00000A
?_efgtoa                                    cstackCOMRAM 000036
?_floorf                                    cstackCOMRAM 00001C
?_isdigit                                   cstackCOMRAM 000003
?_isspace                                   cstackCOMRAM 000003
?_isupper                                   cstackCOMRAM 000003
?_pad                                       cstackCOMRAM 000013
?_sprintf                                   cstackBANK0  0000B0
?_strlen                                    cstackCOMRAM 000003
?_strncmp                                   cstackCOMRAM 000003
?_tolower                                   cstackCOMRAM 000009
?_utoa                                      cstackCOMRAM 00001E
?_vfpfcnvrt                                 cstackCOMRAM 000042
?_vfprintf                                  cstackCOMRAM 00004C
ADC_StartConversion@channel                 cstackCOMRAM 000004
AppTesteLM4040_Calibrando@cont_tempo        bssBANK0     0000E9
AppTesteLM4040_Calibrando@tick              bssBANK0     0000D9
AppTesteLM4040_Calibrando@tickLast          bssBANK1     000150
AppTesteLM4040_IdentificaMudanca@cont_tempo bssBANK0     0000E7
AppTesteLM4040_IdentificaMudanca@tick       bssBANK0     0000D5
AppTesteLM4040_IdentificaMudanca@tickLast   bssBANK1     00014C
AppTesteLM4040_Testando@tick                bssBANK0     0000D1
AppTesteLM4040_Testando@tickLast            bssBANK1     000148
AtualizaDisplay@tick                        bssBANK0     0000CD
AtualizaDisplay@tickLast                    bssBANK1     000144
DATAEE_ReadByte@bAdd                        cstackCOMRAM 000003
DATAEE_WriteByte@GIEBitValue                cstackCOMRAM 000006
DATAEE_WriteByte@bAdd                       cstackCOMRAM 000003
DATAEE_WriteByte@bData                      cstackCOMRAM 000005
DRV_LCD_Cmd@cmd                             cstackCOMRAM 000005
DRV_LCD_Data@data                           cstackCOMRAM 000003
DRV_LCD_SetCursor@coluna                    cstackCOMRAM 000006
DRV_LCD_SetCursor@linha                     cstackCOMRAM 000007
DRV_LCD_SetCursor@temp                      cstackCOMRAM 00000A
DRV_LCD_SetCursor@y                         cstackCOMRAM 000009
DRV_LCD_SetCursor@z                         cstackCOMRAM 000008
DRV_LCD_WriteChar@data                      cstackCOMRAM 000006
DRV_LCD_WriteChar@temp                      cstackCOMRAM 000004
DRV_LCD_WriteChar@y                         cstackCOMRAM 000005
DRV_LCD_WriteString@data                    cstackCOMRAM 000007
DRV_LCD_WriteString@i                       cstackCOMRAM 000009
SRV_Display_SetCursor@coluna                cstackCOMRAM 00000B
SRV_Display_SetCursor@linha                 cstackCOMRAM 00000C
SRV_Display_Write@coluna                    cstackCOMRAM 00000B
SRV_Display_Write@data                      cstackCOMRAM 00000C
SRV_Display_Write@linha                     cstackCOMRAM 00000E
ServiceAD_Media@accumulated                 bssBANK0     0000F7
ServiceAD_Media@conversion                  cstackCOMRAM 000018
ServiceAD_Media@index                       cstackCOMRAM 000020
ServiceAD_Media@mean                        bssBANK1     000100
ServiceAD_Media@timeout                     cstackCOMRAM 000016
ServiceAD_Media@valueAux                    cstackCOMRAM 00001C
ServiceAD_Media@valueMean                   cstackCOMRAM 00001A
TMR0_SetInterruptHandler@InterruptHandler   cstackCOMRAM 000003
_ADCON0                                     (abs)        000FC2
_ADCON0bits                                 (abs)        000FC2
_ADCON1                                     (abs)        000FC1
_ADCON2                                     (abs)        000FC0
_ADC_GetConversionResult                    text27       00505E
_ADC_Initialize                             text17       00501E
_ADC_InterruptHandler                       bssBANK0     0000F5
_ADC_IsConversionDone                       text26       00504A
_ADC_StartConversion                        text25       004F72
_ADRESH                                     (abs)        000FC4
_ADRESL                                     (abs)        000FC3
_ANCON0                                     (abs)        000F5D
_ANCON1                                     (abs)        000F5C
_AppTesteLM4040_Calibrando                  text72       004764
_AppTesteLM4040_Controller                  text66       004574
_AppTesteLM4040_IdentificaMudanca           text71       003E38
_AppTesteLM4040_Run                         text18       005034
_AppTesteLM4040_Testando                    text67       0036FC
_AppTesteLM4040_inicialize                  text6        00461C
_AtualizaDisplay                            text28       002EB0
_DATAEE_ReadByte                            text16       004FF0
_DATAEE_WriteByte                           text70       004C54
_DRV_LCD_BLK                                text14       0050D4
_DRV_LCD_Clear                              text12       0050A2
_DRV_LCD_Cmd                                text64       004F52
_DRV_LCD_Data                               text65       004A72
_DRV_LCD_Init                               text15       00487A
_DRV_LCD_SetCursor                          text63       0048EA
_DRV_LCD_WriteChar                          text62       004E32
_DRV_LCD_WriteString                        text61       004CD8
_EEADR                                      (abs)        000F74
_EEADRH                                     (abs)        000F75
_EECON1bits                                 (abs)        000F7F
_EECON2                                     (abs)        000F7E
_EEDATA                                     (abs)        000F73
_INTCON2bits                                (abs)        000FF1
_INTCONbits                                 (abs)        000FF2
_INTERRUPT_Initialize                       text5        0050CE
_INTERRUPT_InterruptManager                 intcode      000008
_LATA                                       (abs)        000F89
_LATB                                       (abs)        000F8A
_LATC                                       (abs)        000F8B
_LATD                                       (abs)        000F8C
_LATDbits                                   (abs)        000F8C
_LATE                                       (abs)        000F8D
_LATEbits                                   (abs)        000F8D
_LeituraAD                                  bssBANK0     0000DD
_LeituraAD_run                              text22       004ED6
_OSCCON                                     (abs)        000FD3
_OSCCON2                                    (abs)        000FD2
_OSCILLATOR_Initialize                      text4        005072
_OSCTUNE                                    (abs)        000F9B
_PIN_MANAGER_Initialize                     text3        004E6A
_PIR4bits                                   (abs)        000FB7
_PORTEbits                                  (abs)        000F84
_RCONbits                                   (abs)        000FD0
_REFOCON                                    (abs)        000F9A
_SRV_Display_BLK_ON                         text13       0050BA
_SRV_Display_Clear                          text11       0050C2
_SRV_Display_Init                           text9        004F30
_SRV_Display_Run                            text20       0050C8
_SRV_Display_SetCursor                      text10       005094
_SRV_Display_Write                          text60       004F8C
_SRV_TIMER_GetTick                          text73       004FA6
_SRV_TIMER_Init                             text7        004FD8
_SRV_TIMER_TickInterrupt                    text76       005084
_SYSTEM_Initialize                          text1        005008
_ServiceAD_Media                            text23       003D42
_T0CON                                      (abs)        000FD5
_T0CONbits                                  (abs)        000FD5
_TABLAT                                     (abs)        000FF5
_TBLPTRH                                    (abs)        000FF7
_TBLPTRL                                    (abs)        000FF6
_TBLPTRU                                    (abs)        000FF8
_TMR0H                                      (abs)        000FD7
_TMR0L                                      (abs)        000FD6
_TMR0_DefaultInterruptHandler               text77       0050D8
_TMR0_ISR                                   text75       004D18
_TMR0_Initialize                            text2        004D52
_TMR0_InterruptHandler                      nvBANK1      0001DA
_TMR0_SetInterruptHandler                   text8        0050B0
_TRISA                                      (abs)        000F92
_TRISB                                      (abs)        000F93
_TRISC                                      (abs)        000F94
_TRISD                                      (abs)        000F95
_TRISE                                      (abs)        000F96
_WPUB                                       (abs)        000F5B
__CFG_BBSIZ$BB2K                            (abs)        000000
__CFG_BOREN$SBORDIS                         (abs)        000000
__CFG_BORPWR$ZPBORMV                        (abs)        000000
__CFG_BORV$3                                (abs)        000000
__CFG_CANMX$PORTB                           (abs)        000000
__CFG_CP0$OFF                               (abs)        000000
__CFG_CP1$OFF                               (abs)        000000
__CFG_CP2$OFF                               (abs)        000000
__CFG_CP3$OFF                               (abs)        000000
__CFG_CPB$OFF                               (abs)        000000
__CFG_CPD$OFF                               (abs)        000000
__CFG_EBTR0$OFF                             (abs)        000000
__CFG_EBTR1$OFF                             (abs)        000000
__CFG_EBTR2$OFF                             (abs)        000000
__CFG_EBTR3$OFF                             (abs)        000000
__CFG_EBTRB$OFF                             (abs)        000000
__CFG_FCMEN$OFF                             (abs)        000000
__CFG_FOSC$HS1                              (abs)        000000
__CFG_IESO$OFF                              (abs)        000000
__CFG_INTOSCSEL$HIGH                        (abs)        000000
__CFG_MCLRE$ON                              (abs)        000000
__CFG_MSSPMSK$MSK7                          (abs)        000000
__CFG_PLLCFG$OFF                            (abs)        000000
__CFG_PWRTEN$OFF                            (abs)        000000
__CFG_RETEN$OFF                             (abs)        000000
__CFG_SOSCSEL$DIG                           (abs)        000000
__CFG_STVREN$ON                             (abs)        000000
__CFG_WDTEN$OFF                             (abs)        000000
__CFG_WDTPS$1048576                         (abs)        000000
__CFG_WRT0$OFF                              (abs)        000000
__CFG_WRT1$OFF                              (abs)        000000
__CFG_WRT2$OFF                              (abs)        000000
__CFG_WRT3$OFF                              (abs)        000000
__CFG_WRTB$OFF                              (abs)        000000
__CFG_WRTC$OFF                              (abs)        000000
__CFG_WRTD$OFF                              (abs)        000000
__CFG_XINST$OFF                             (abs)        000000
__HRAM                                      (abs)        000000
__Habs1                                     abs1         000000
__Hbank0                                    bank0        000000
__Hbank1                                    bank1        000000
__Hbank10                                   bank10       000000
__Hbank11                                   bank11       000000
__Hbank12                                   bank12       000000
__Hbank13                                   bank13       000000
__Hbank14                                   bank14       000000
__Hbank2                                    bank2        000000
__Hbank3                                    bank3        000000
__Hbank4                                    bank4        000000
__Hbank5                                    bank5        000000
__Hbank6                                    bank6        000000
__Hbank7                                    bank7        000000
__Hbank8                                    bank8        000000
__Hbank9                                    bank9        000000
__Hbigbss                                   bigbss       000000
__Hbigdata                                  bigdata      000000
__Hbigram                                   bigram       000000
__Hbss                                      bss          000000
__HbssBANK0                                 bssBANK0     000000
__HbssBANK1                                 bssBANK1     000000
__HbssCOMRAM                                bssCOMRAM    000000
__Hcinit                                    cinit        000000
__Hclrtext                                  clrtext      000000
__Hcomram                                   comram       000000
__Hconfig                                   config       30000E
__Hconst                                    const        000000
__HcstackBANK0                              cstackBANK0  000000
__HcstackBANK1                              cstackBANK1  000000
__HcstackCOMRAM                             cstackCOMRAM 000000
__Hdata                                     data         000000
__HdataBANK0                                dataBANK0    000000
__HdataBANK1                                dataBANK1    000000
__Heeprom_data                              eeprom_data  000000
__Hfarbss                                   farbss       000000
__Hfardata                                  fardata      000000
__Hibigdata                                 ibigdata     000000
__Hidata                                    idata        000000
__HidataBANK0                               idataBANK0   000000
__HidataBANK1                               idataBANK1   000000
__Hidloc                                    idloc        200008
__Hifardata                                 ifardata     000000
__Hinit                                     init         000042
__Hintcode                                  intcode      00003E
__Hintcode_body                             intcode_body 000000
__Hintcodelo                                intcodelo    00003E
__Hintentry                                 intentry     000000
__Hintret                                   intret       000000
__Hintsave_regs                             intsave_regs 000000
__Hirdata                                   irdata       000000
__Hmediumconst                              mediumconst  000000
__HnvBANK0                                  nvBANK0      000000
__HnvBANK1                                  nvBANK1      000000
__HnvFARRAM                                 nvFARRAM     000000
__Hnvbit                                    nvbit        000000
__Hnvrram                                   nvrram       000000
__Hparam                                    rparam       000000
__Hpowerup                                  powerup      00003E
__Hram                                      ram          000000
__Hramtop                                   ramtop       000F00
__Hrbit                                     rbit         000000
__Hrbss                                     rbss         000000
__Hrdata                                    rdata        000000
__Hreset_vec                                reset_vec    000004
__Hrparam                                   rparam       000000
__Hsfr                                      sfr          000000
__Hsmallconst                               smallconst   000F92
__Hspace_0                                  (abs)        30000E
__Hspace_1                                  (abs)        0001E2
__Hspace_2                                  (abs)        000000
__Hstack                                    stack        000000
__Hstruct                                   struct       000000
__Htemp                                     temp         00005C
__Htext                                     text         000000
__Htext0                                    text0        000000
__Htext1                                    text1        000000
__Htext10                                   text10       000000
__Htext11                                   text11       000000
__Htext12                                   text12       000000
__Htext13                                   text13       000000
__Htext14                                   text14       000000
__Htext15                                   text15       000000
__Htext16                                   text16       000000
__Htext17                                   text17       000000
__Htext18                                   text18       000000
__Htext19                                   text19       000000
__Htext2                                    text2        000000
__Htext20                                   text20       000000
__Htext21                                   text21       000000
__Htext22                                   text22       000000
__Htext23                                   text23       000000
__Htext24                                   text24       000000
__Htext25                                   text25       000000
__Htext26                                   text26       000000
__Htext27                                   text27       000000
__Htext28                                   text28       000000
__Htext29                                   text29       000000
__Htext3                                    text3        000000
__Htext30                                   text30       000000
__Htext31                                   text31       000000
__Htext32                                   text32       000000
__Htext33                                   text33       000000
__Htext34                                   text34       000000
__Htext35                                   text35       000000
__Htext36                                   text36       000000
__Htext37                                   text37       000000
__Htext38                                   text38       000000
__Htext39                                   text39       000000
__Htext4                                    text4        000000
__Htext40                                   text40       000000
__Htext41                                   text41       000000
__Htext42                                   text42       000000
__Htext43                                   text43       000000
__Htext44                                   text44       000000
__Htext45                                   text45       000000
__Htext46                                   text46       000000
__Htext47                                   text47       000000
__Htext48                                   text48       000000
__Htext49                                   text49       000000
__Htext5                                    text5        000000
__Htext50                                   text50       000000
__Htext51                                   text51       000000
__Htext52                                   text52       000000
__Htext53                                   text53       000000
__Htext54                                   text54       000000
__Htext55                                   text55       000000
__Htext56                                   text56       000000
__Htext57                                   text57       000000
__Htext58                                   text58       000000
__Htext59                                   text59       000000
__Htext6                                    text6        000000
__Htext60                                   text60       000000
__Htext61                                   text61       000000
__Htext62                                   text62       000000
__Htext63                                   text63       000000
__Htext64                                   text64       000000
__Htext65                                   text65       000000
__Htext66                                   text66       000000
__Htext67                                   text67       000000
__Htext68                                   text68       000000
__Htext69                                   text69       000000
__Htext7                                    text7        000000
__Htext70                                   text70       000000
__Htext71                                   text71       000000
__Htext72                                   text72       000000
__Htext73                                   text73       000000
__Htext75                                   text75       000000
__Htext76                                   text76       000000
__Htext77                                   text77       000000
__Htext78                                   text78       000000
__Htext8                                    text8        000000
__Htext9                                    text9        000000
__LRAM                                      (abs)        000001
__Labs1                                     abs1         000000
__Lbank0                                    bank0        000000
__Lbank1                                    bank1        000000
__Lbank10                                   bank10       000000
__Lbank11                                   bank11       000000
__Lbank12                                   bank12       000000
__Lbank13                                   bank13       000000
__Lbank14                                   bank14       000000
__Lbank2                                    bank2        000000
__Lbank3                                    bank3        000000
__Lbank4                                    bank4        000000
__Lbank5                                    bank5        000000
__Lbank6                                    bank6        000000
__Lbank7                                    bank7        000000
__Lbank8                                    bank8        000000
__Lbank9                                    bank9        000000
__Lbigbss                                   bigbss       000000
__Lbigdata                                  bigdata      000000
__Lbigram                                   bigram       000000
__Lbss                                      bss          000000
__LbssBANK0                                 bssBANK0     000000
__LbssBANK1                                 bssBANK1     000000
__LbssCOMRAM                                bssCOMRAM    000000
__Lcinit                                    cinit        000000
__Lclrtext                                  clrtext      000000
__Lcomram                                   comram       000000
__Lconfig                                   config       300000
__Lconst                                    const        000000
__LcstackBANK0                              cstackBANK0  000000
__LcstackBANK1                              cstackBANK1  000000
__LcstackCOMRAM                             cstackCOMRAM 000000
__Ldata                                     data         000000
__LdataBANK0                                dataBANK0    000000
__LdataBANK1                                dataBANK1    000000
__Leeprom_data                              eeprom_data  000000
__Lfarbss                                   farbss       000000
__Lfardata                                  fardata      000000
__Libigdata                                 ibigdata     000000
__Lidata                                    idata        000000
__LidataBANK0                               idataBANK0   000000
__LidataBANK1                               idataBANK1   000000
__Lidloc                                    idloc        200000
__Lifardata                                 ifardata     000000
__Linit                                     init         00003E
__Lintcode                                  intcode      000008
__Lintcode_body                             intcode_body 000000
__Lintcodelo                                intcodelo    00003E
__Lintentry                                 intentry     000000
__Lintret                                   intret       000000
__Lintsave_regs                             intsave_regs 000000
__Lirdata                                   irdata       000000
__Lmediumconst                              mediumconst  000000
__LnvBANK0                                  nvBANK0      000000
__LnvBANK1                                  nvBANK1      000000
__LnvFARRAM                                 nvFARRAM     000000
__Lnvbit                                    nvbit        000000
__Lnvrram                                   nvrram       000000
__Lparam                                    rparam       000000
__Lpowerup                                  powerup      00003E
__Lram                                      ram          000000
__Lramtop                                   ramtop       000F00
__Lrbit                                     rbit         000000
__Lrbss                                     rbss         000000
__Lrdata                                    rdata        000000
__Lreset_vec                                reset_vec    000000
__Lrparam                                   rparam       000000
__Lsfr                                      sfr          000000
__Lsmallconst                               smallconst   000F00
__Lspace_0                                  (abs)        000000
__Lspace_1                                  (abs)        000000
__Lspace_2                                  (abs)        000000
__Lstack                                    stack        000000
__Lstruct                                   struct       000000
__Ltemp                                     temp         00005B
__Ltext                                     text         000000
__Ltext0                                    text0        000000
__Ltext1                                    text1        000000
__Ltext10                                   text10       000000
__Ltext11                                   text11       000000
__Ltext12                                   text12       000000
__Ltext13                                   text13       000000
__Ltext14                                   text14       000000
__Ltext15                                   text15       000000
__Ltext16                                   text16       000000
__Ltext17                                   text17       000000
__Ltext18                                   text18       000000
__Ltext19                                   text19       000000
__Ltext2                                    text2        000000
__Ltext20                                   text20       000000
__Ltext21                                   text21       000000
__Ltext22                                   text22       000000
__Ltext23                                   text23       000000
__Ltext24                                   text24       000000
__Ltext25                                   text25       000000
__Ltext26                                   text26       000000
__Ltext27                                   text27       000000
__Ltext28                                   text28       000000
__Ltext29                                   text29       000000
__Ltext3                                    text3        000000
__Ltext30                                   text30       000000
__Ltext31                                   text31       000000
__Ltext32                                   text32       000000
__Ltext33                                   text33       000000
__Ltext34                                   text34       000000
__Ltext35                                   text35       000000
__Ltext36                                   text36       000000
__Ltext37                                   text37       000000
__Ltext38                                   text38       000000
__Ltext39                                   text39       000000
__Ltext4                                    text4        000000
__Ltext40                                   text40       000000
__Ltext41                                   text41       000000
__Ltext42                                   text42       000000
__Ltext43                                   text43       000000
__Ltext44                                   text44       000000
__Ltext45                                   text45       000000
__Ltext46                                   text46       000000
__Ltext47                                   text47       000000
__Ltext48                                   text48       000000
__Ltext49                                   text49       000000
__Ltext5                                    text5        000000
__Ltext50                                   text50       000000
__Ltext51                                   text51       000000
__Ltext52                                   text52       000000
__Ltext53                                   text53       000000
__Ltext54                                   text54       000000
__Ltext55                                   text55       000000
__Ltext56                                   text56       000000
__Ltext57                                   text57       000000
__Ltext58                                   text58       000000
__Ltext59                                   text59       000000
__Ltext6                                    text6        000000
__Ltext60                                   text60       000000
__Ltext61                                   text61       000000
__Ltext62                                   text62       000000
__Ltext63                                   text63       000000
__Ltext64                                   text64       000000
__Ltext65                                   text65       000000
__Ltext66                                   text66       000000
__Ltext67                                   text67       000000
__Ltext68                                   text68       000000
__Ltext69                                   text69       000000
__Ltext7                                    text7        000000
__Ltext70                                   text70       000000
__Ltext71                                   text71       000000
__Ltext72                                   text72       000000
__Ltext73                                   text73       000000
__Ltext75                                   text75       000000
__Ltext76                                   text76       000000
__Ltext77                                   text77       000000
__Ltext78                                   text78       000000
__Ltext8                                    text8        000000
__Ltext9                                    text9        000000
__S0                                        (abs)        30000E
__S1                                        (abs)        0001E2
__S2                                        (abs)        000000
___awdiv                                    text55       004356
___awdiv@counter                            cstackCOMRAM 000007
___awdiv@dividend                           cstackCOMRAM 000003
___awdiv@divisor                            cstackCOMRAM 000005
___awdiv@quotient                           cstackCOMRAM 000009
___awdiv@sign                               cstackCOMRAM 000008
___awmod                                    text54       00441A
___awmod@counter                            cstackCOMRAM 000007
___awmod@dividend                           cstackCOMRAM 000003
___awmod@divisor                            cstackCOMRAM 000005
___awmod@sign                               cstackCOMRAM 000008
___fladd                                    text49       00222C
___fladd@a                                  cstackCOMRAM 000007
___fladd@aexp                               cstackCOMRAM 000010
___fladd@b                                  cstackCOMRAM 000003
___fladd@bexp                               cstackCOMRAM 000011
___fladd@grs                                cstackCOMRAM 000012
___fladd@signs                              cstackCOMRAM 00000F
___fldiv                                    text53       002B16
___fldiv@a                                  cstackCOMRAM 000007
___fldiv@aexp                               cstackCOMRAM 00001B
___fldiv@b                                  cstackCOMRAM 000003
___fldiv@bexp                               cstackCOMRAM 00001A
___fldiv@grs                                cstackCOMRAM 000016
___fldiv@new_exp                            cstackCOMRAM 000014
___fldiv@rem                                cstackCOMRAM 00000F
___fldiv@sign                               cstackCOMRAM 000013
___fleq                                     text52       0044CA
___fleq@ff1                                 cstackCOMRAM 000003
___fleq@ff2                                 cstackCOMRAM 000007
___flge                                     text51       003B40
___flge@ff1                                 cstackCOMRAM 00002A
___flge@ff2                                 cstackCOMRAM 00002E
___flmul                                    text69       0026EC
___flmul@a                                  cstackCOMRAM 000015
___flmul@aexp                               cstackCOMRAM 000022
___flmul@b                                  cstackCOMRAM 000011
___flmul@bexp                               cstackCOMRAM 000023
___flmul@grs                                cstackCOMRAM 00001E
___flmul@prod                               cstackCOMRAM 000024
___flmul@sign                               cstackCOMRAM 00001D
___flmul@temp                               cstackCOMRAM 000028
___flneg                                    text50       004DC2
___flneg@f1                                 cstackCOMRAM 000003
___flsub                                    text48       004BCA
___flsub@a                                  cstackCOMRAM 00002E
___flsub@b                                  cstackCOMRAM 00002A
___fltol                                    text47       003A3A
___fltol@exp1                               cstackCOMRAM 00000C
___fltol@f1                                 cstackCOMRAM 000003
___fltol@sign1                              cstackCOMRAM 00000B
___fpclassifyf                              text46       003C44
___fpclassifyf@F463                         bssBANK1     00013C
___fpclassifyf@e                            cstackCOMRAM 00000B
___fpclassifyf@u                            cstackCOMRAM 00000D
___fpclassifyf@x                            cstackCOMRAM 000003
___inthi_sp                                 stack        000000
___intlo_sp                                 stack        000000
___lldiv                                    text24       0046C0
___lldiv@counter                            cstackCOMRAM 00000F
___lldiv@dividend                           cstackCOMRAM 000003
___lldiv@divisor                            cstackCOMRAM 000007
___lldiv@quotient                           cstackCOMRAM 00000B
___lodiv                                    text34       003F2A
___lodiv@counter                            cstackCOMRAM 00001B
___lodiv@dividend                           cstackCOMRAM 000003
___lodiv@divisor                            cstackCOMRAM 00000B
___lodiv@quotient                           cstackCOMRAM 000013
___lomod                                    text33       0040F6
___lomod@counter                            cstackCOMRAM 000013
___lomod@dividend                           cstackCOMRAM 000003
___lomod@divisor                            cstackCOMRAM 00000B
___param_bank                               (abs)        000000
___rparam_used                              (abs)        000001
___sp                                       stack        000000
___wmul                                     text59       004F0A
___wmul@multiplicand                        cstackCOMRAM 000005
___wmul@multiplier                          cstackCOMRAM 000003
___wmul@product                             cstackCOMRAM 000007
___xxtofl                                   text68       003548
___xxtofl@arg                               cstackCOMRAM 00000D
___xxtofl@exp                               cstackCOMRAM 00000C
___xxtofl@sign                              cstackCOMRAM 00000B
___xxtofl@val                               cstackCOMRAM 000003
__accesstop                                 (abs)        000060
__activetblptr                              (abs)        000003
__end_of_ADC_GetConversionResult            text27       005072
__end_of_ADC_Initialize                     text17       005034
__end_of_ADC_IsConversionDone               text26       00505E
__end_of_ADC_StartConversion                text25       004F8C
__end_of_AppTesteLM4040_Calibrando          text72       0047F8
__end_of_AppTesteLM4040_Controller          text66       00461C
__end_of_AppTesteLM4040_IdentificaMudanca   text71       003F2A
__end_of_AppTesteLM4040_Run                 text18       00504A
__end_of_AppTesteLM4040_Testando            text67       0038A0
__end_of_AppTesteLM4040_inicialize          text6        0046C0
__end_of_AtualizaDisplay                    text28       003132
__end_of_DATAEE_ReadByte                    text16       005008
__end_of_DATAEE_WriteByte                   text70       004C98
__end_of_DRV_LCD_BLK                        text14       0050D6
__end_of_DRV_LCD_Clear                      text12       0050B0
__end_of_DRV_LCD_Cmd                        text64       004F72
__end_of_DRV_LCD_Data                       text65       004ACE
__end_of_DRV_LCD_Init                       text15       0048EA
__end_of_DRV_LCD_SetCursor                  text63       004950
__end_of_DRV_LCD_WriteChar                  text62       004E6A
__end_of_DRV_LCD_WriteString                text61       004D18
__end_of_INTERRUPT_Initialize               text5        0050D2
__end_of_INTERRUPT_InterruptManager         intcode      00003E
__end_of_LeituraAD_run                      text22       004F0A
__end_of_OSCILLATOR_Initialize              text4        005084
__end_of_PIN_MANAGER_Initialize             text3        004EA0
__end_of_SRV_Display_BLK_ON                 text13       0050C2
__end_of_SRV_Display_Clear                  text11       0050C8
__end_of_SRV_Display_Init                   text9        004F52
__end_of_SRV_Display_Run                    text20       0050CE
__end_of_SRV_Display_SetCursor              text10       0050A2
__end_of_SRV_Display_Write                  text60       004FA6
__end_of_SRV_TIMER_GetTick                  text73       004FC0
__end_of_SRV_TIMER_Init                     text7        004FF0
__end_of_SRV_TIMER_TickInterrupt            text76       005094
__end_of_SYSTEM_Initialize                  text1        00501E
__end_of_ServiceAD_Media                    text23       003E38
__end_of_TMR0_DefaultInterruptHandler       text77       0050DA
__end_of_TMR0_ISR                           text75       004D52
__end_of_TMR0_Initialize                    text2        004D8A
__end_of_TMR0_SetInterruptHandler           text8        0050BA
__end_of___awdiv                            text55       00441A
__end_of___awmod                            text54       0044CA
__end_of___fladd                            text49       0026EC
__end_of___fldiv                            text53       002EB0
__end_of___fleq                             text52       004574
__end_of___flge                             text51       003C44
__end_of___flmul                            text69       002B16
__end_of___flneg                            text50       004DFA
__end_of___flsub                            text48       004C10
__end_of___fltol                            text47       003B40
__end_of___fpclassifyf                      text46       003D42
__end_of___lldiv                            text24       004764
__end_of___lodiv                            text34       00401A
__end_of___lomod                            text33       0041C6
__end_of___wmul                             text59       004F30
__end_of___xxtofl                           text68       0036FC
__end_of__initialization                    cinit        004B1C
__end_of_atoi                               text56       003A3A
__end_of_efgtoa                             text36       001B42
__end_of_exibetensao                        text19       00487A
__end_of_floorf                             text45       003344
__end_of_fputc                              text43       004290
__end_of_fputs                              text42       004C54
__end_of_isdigit                            text58       004E32
__end_of_isspace                            text57       004BCA
__end_of_isupper                            text38       004DC2
__end_of_main                               text0        004FD8
__end_of_pad                                text40       004356
__end_of_putch                              text44       0050D8
__end_of_sprintf                            text29       004B78
__end_of_strcpy                             text39       004A72
__end_of_strlen                             text41       004ED6
__end_of_strncmp                            text35       0040F6
__end_of_tolower                            text37       004A14
__end_of_utoa                               text32       003548
__end_of_vfpfcnvrt                          text31       00222C
__end_of_vfprintf                           text30       0049B4
__end_of_writeTela                          text21       004CD8
__initialization                            cinit        004ACE
__mediumconst                               mediumconst  000000
__pbssBANK0                                 bssBANK0     0000C4
__pbssBANK1                                 bssBANK1     000100
__pbssCOMRAM                                bssCOMRAM    000054
__pcinit                                    cinit        004ACE
__pcstackBANK0                              cstackBANK0  000060
__pcstackBANK1                              cstackBANK1  0001DC
__pcstackCOMRAM                             cstackCOMRAM 000001
__pdataBANK0                                dataBANK0    0000FF
__pdataBANK1                                dataBANK1    0001E0
__pidataBANK0                               idataBANK0   0050DA
__pidataBANK1                               idataBANK1   0050D2
__pintcode                                  intcode      000008
__pnvBANK0                                  nvBANK0      0000FD
__pnvBANK1                                  nvBANK1      0001D8
__psmallconst                               smallconst   000F00
__ptext0                                    text0        004FC0
__ptext1                                    text1        005008
__ptext10                                   text10       005094
__ptext11                                   text11       0050C2
__ptext12                                   text12       0050A2
__ptext13                                   text13       0050BA
__ptext14                                   text14       0050D4
__ptext15                                   text15       00487A
__ptext16                                   text16       004FF0
__ptext17                                   text17       00501E
__ptext18                                   text18       005034
__ptext19                                   text19       0047F8
__ptext2                                    text2        004D52
__ptext20                                   text20       0050C8
__ptext21                                   text21       004C98
__ptext22                                   text22       004ED6
__ptext23                                   text23       003D42
__ptext24                                   text24       0046C0
__ptext25                                   text25       004F72
__ptext26                                   text26       00504A
__ptext27                                   text27       00505E
__ptext28                                   text28       002EB0
__ptext29                                   text29       004B26
__ptext3                                    text3        004E6A
__ptext30                                   text30       004950
__ptext31                                   text31       001B42
__ptext32                                   text32       003344
__ptext33                                   text33       0040F6
__ptext34                                   text34       003F2A
__ptext35                                   text35       00401A
__ptext36                                   text36       000F92
__ptext37                                   text37       0049B4
__ptext38                                   text38       004D8A
__ptext39                                   text39       004A14
__ptext4                                    text4        005072
__ptext40                                   text40       004290
__ptext41                                   text41       004EA0
__ptext42                                   text42       004C10
__ptext43                                   text43       0041C6
__ptext44                                   text44       0050D6
__ptext45                                   text45       003132
__ptext46                                   text46       003C44
__ptext47                                   text47       003A3A
__ptext48                                   text48       004BCA
__ptext49                                   text49       00222C
__ptext5                                    text5        0050CE
__ptext50                                   text50       004DC2
__ptext51                                   text51       003B40
__ptext52                                   text52       0044CA
__ptext53                                   text53       002B16
__ptext54                                   text54       00441A
__ptext55                                   text55       004356
__ptext56                                   text56       0038A0
__ptext57                                   text57       004B78
__ptext58                                   text58       004DFA
__ptext59                                   text59       004F0A
__ptext6                                    text6        00461C
__ptext60                                   text60       004F8C
__ptext61                                   text61       004CD8
__ptext62                                   text62       004E32
__ptext63                                   text63       0048EA
__ptext64                                   text64       004F52
__ptext65                                   text65       004A72
__ptext66                                   text66       004574
__ptext67                                   text67       0036FC
__ptext68                                   text68       003548
__ptext69                                   text69       0026EC
__ptext7                                    text7        004FD8
__ptext70                                   text70       004C54
__ptext71                                   text71       003E38
__ptext72                                   text72       004764
__ptext73                                   text73       004FA6
__ptext75                                   text75       004D18
__ptext76                                   text76       005084
__ptext77                                   text77       0050D8
__ptext78                                   text78       000000
__ptext8                                    text8        0050B0
__ptext9                                    text9        004F30
__ramtop                                    ramtop       000F00
__size_of_ADC_GetConversionResult           (abs)        000000
__size_of_ADC_Initialize                    (abs)        000000
__size_of_ADC_IsConversionDone              (abs)        000000
__size_of_ADC_StartConversion               (abs)        000000
__size_of_AppTesteLM4040_Calibrando         (abs)        000000
__size_of_AppTesteLM4040_Controller         (abs)        000000
__size_of_AppTesteLM4040_IdentificaMudanca  (abs)        000000
__size_of_AppTesteLM4040_Run                (abs)        000000
__size_of_AppTesteLM4040_Testando           (abs)        000000
__size_of_AppTesteLM4040_inicialize         (abs)        000000
__size_of_AtualizaDisplay                   (abs)        000000
__size_of_DATAEE_ReadByte                   (abs)        000000
__size_of_DATAEE_WriteByte                  (abs)        000000
__size_of_DRV_LCD_BLK                       (abs)        000000
__size_of_DRV_LCD_Clear                     (abs)        000000
__size_of_DRV_LCD_Cmd                       (abs)        000000
__size_of_DRV_LCD_Data                      (abs)        000000
__size_of_DRV_LCD_Init                      (abs)        000000
__size_of_DRV_LCD_SetCursor                 (abs)        000000
__size_of_DRV_LCD_WriteChar                 (abs)        000000
__size_of_DRV_LCD_WriteString               (abs)        000000
__size_of_INTERRUPT_Initialize              (abs)        000000
__size_of_INTERRUPT_InterruptManager        (abs)        000000
__size_of_LeituraAD_run                     (abs)        000000
__size_of_OSCILLATOR_Initialize             (abs)        000000
__size_of_PIN_MANAGER_Initialize            (abs)        000000
__size_of_SRV_Display_BLK_ON                (abs)        000000
__size_of_SRV_Display_Clear                 (abs)        000000
__size_of_SRV_Display_Init                  (abs)        000000
__size_of_SRV_Display_Run                   (abs)        000000
__size_of_SRV_Display_SetCursor             (abs)        000000
__size_of_SRV_Display_Write                 (abs)        000000
__size_of_SRV_TIMER_GetTick                 (abs)        000000
__size_of_SRV_TIMER_Init                    (abs)        000000
__size_of_SRV_TIMER_TickInterrupt           (abs)        000000
__size_of_SYSTEM_Initialize                 (abs)        000000
__size_of_ServiceAD_Media                   (abs)        000000
__size_of_TMR0_DefaultInterruptHandler      (abs)        000000
__size_of_TMR0_ISR                          (abs)        000000
__size_of_TMR0_Initialize                   (abs)        000000
__size_of_TMR0_SetInterruptHandler          (abs)        000000
__size_of___awdiv                           (abs)        000000
__size_of___awmod                           (abs)        000000
__size_of___fladd                           (abs)        000000
__size_of___fldiv                           (abs)        000000
__size_of___fleq                            (abs)        000000
__size_of___flge                            (abs)        000000
__size_of___flmul                           (abs)        000000
__size_of___flneg                           (abs)        000000
__size_of___flsub                           (abs)        000000
__size_of___fltol                           (abs)        000000
__size_of___fpclassifyf                     (abs)        000000
__size_of___lldiv                           (abs)        000000
__size_of___lodiv                           (abs)        000000
__size_of___lomod                           (abs)        000000
__size_of___wmul                            (abs)        000000
__size_of___xxtofl                          (abs)        000000
__size_of_atoi                              (abs)        000000
__size_of_efgtoa                            (abs)        000000
__size_of_exibetensao                       (abs)        000000
__size_of_floorf                            (abs)        000000
__size_of_fputc                             (abs)        000000
__size_of_fputs                             (abs)        000000
__size_of_isdigit                           (abs)        000000
__size_of_isspace                           (abs)        000000
__size_of_isupper                           (abs)        000000
__size_of_main                              (abs)        000000
__size_of_pad                               (abs)        000000
__size_of_putch                             (abs)        000000
__size_of_sprintf                           (abs)        000000
__size_of_strcpy                            (abs)        000000
__size_of_strlen                            (abs)        000000
__size_of_strncmp                           (abs)        000000
__size_of_tolower                           (abs)        000000
__size_of_utoa                              (abs)        000000
__size_of_vfpfcnvrt                         (abs)        000000
__size_of_vfprintf                          (abs)        000000
__size_of_writeTela                         (abs)        000000
__smallconst                                smallconst   000F00
_atoi                                       text56       0038A0
_atoi$1672                                  cstackCOMRAM 000012
_atoi$1673                                  cstackCOMRAM 000016
_atoi$1674                                  cstackCOMRAM 000014
_auxconvert                                 bssBANK1     00015C
_auxreferenica                              bssBANK1     000158
_contTeste                                  bssBANK1     000160
_cont_tempo                                 bssBANK0     0000EB
_contadorteste                              bssBANK0     0000F3
_convertedValueTensao                       bssBANK1     000164
_count_aux                                  nvBANK1      0001D8
_data                                       bssBANK1     000128
_dataeeAddr                                 dataBANK1    0001E0
_dataeeData                                 dataBANK0    0000FF
_dbuf                                       bssBANK1     000168
_difan                                      bssCOMRAM    000056
_efgtoa                                     text36       000F92
_efgtoa$1162                                cstackBANK0  000064
_efgtoa$1163                                cstackBANK0  000066
_efgtoa$1168                                cstackBANK0  000068
_efgtoa$1172                                cstackBANK0  00006A
_efgtoa$1173                                cstackBANK0  00006C
_efgtoa$1174                                cstackBANK0  00006E
_errodif                                    bssBANK1     000166
_erromedido                                 bssBANK0     0000ED
_exibetensao                                text19       0047F8
_flag_medindoerro                           bssBANK0     0000F8
_flags                                      bssBANK0     0000E5
_floorf                                     text45       003132
_fputc                                      text43       0041C6
_fputs                                      text42       004C10
_isdigit                                    text58       004DFA
_isspace                                    text57       004B78
_isspace$1703                               cstackCOMRAM 000009
_isupper                                    text38       004D8A
_main                                       text0        004FC0
_nout                                       bssBANK0     0000E1
_pad                                        text40       004290
_prec                                       bssCOMRAM    000054
_putch                                      text44       0050D6
_readData                                   bssCOMRAM    00005A
_sprintf                                    text29       004B26
_state                                      bssBANK0     0000C4
_strcpy                                     text39       004A14
_strlen                                     text41       004EA0
_strncmp                                    text35       00401A
_telaDisplay                                bssBANK0     0000F1
_tensao                                     bssBANK1     000162
[...]
Total ram usage:        4 bytes
 Hardware stack levels used:    1
 Hardware stack levels required when called:    3
 This function calls:
		Nothing
 This function is called by:
		_AppTesteLM4040_Controller
		_AppTesteLM4040_Testando
 This function uses a non-reentrant model


 *************** function _AppTesteLM4040_IdentificaMudanca *****************
 Defined at:
		line 209 in file "AppTesteLM4040.c"
 Parameters:    Size  Location     Type
		None
 Auto vars:     Size  Location     Type
		None
 Return value:  Size  Location     Type
                  1    wreg      void 
 Registers used:
		wreg, fsr2l, fsr2h, status,2, status,0, cstack
 Tracked objects:
		On entry : 
		On exit  : 
		Unchanged: 
 Data sizes:     COMRAM   BANK0   BANK1   BANK2   BANK3   BANK4   BANK5   BANK6   BANK7   BANK8   BANK9  BANK10  BANK11  BANK12  BANK13  BANK14
      Params:         0       0       0       0       0       0       0       0       0       0       0       0       0       0       0       0
      Locals:         0       0       0       0       0       0       0       0       0       0       0       0       0       0       0       0
      Temps:          4       0       0       0       0       0       0       0       0       0       0       0       0       0       0       0
      Totals:         4       0       0       0       0       0       0       0       0       0       0       0       0       0       0       0
Total ram usage:        4 bytes
 Hardware stack levels used:    1
 Hardware stack levels required when called:    4
 This function calls:
		_SRV_TIMER_GetTick
 This function is called by:
		_AppTesteLM4040_Controller
 This function uses a non-reentrant model


 *************** function _AppTesteLM4040_Calibrando *****************
 Defined at:
		line 182 in file "AppTesteLM4040.c"
 Parameters:    Size  Location     Type
		None
 Auto vars:     Size  Location     Type
		None
 Return value:  Size  Location     Type
                  1    wreg      void 
 Registers used:
		wreg, fsr2l, fsr2h, status,2, status,0, cstack
 Tracked objects:
		On entry : 
		On exit  : 
		Unchanged: 
 Data sizes:     COMRAM   BANK0   BANK1   BANK2   BANK3   BANK4   BANK5   BANK6   BANK7   BANK8   BANK9  BANK10  BANK11  BANK12  BANK13  BANK14
      Params:         0       0       0       0       0       0       0       0       0       0       0       0       0       0       0       0
      Locals:         0       0       0       0       0       0       0       0       0       0       0       0       0       0       0       0
      Temps:          4       0       0       0       0       0       0       0       0       0       0       0       0       0       0       0
      Totals:         4       0       0       0       0       0       0       0       0       0       0       0       0       0       0       0
Total ram usage:        4 bytes
 Hardware stack levels used:    1
 Hardware stack levels required when called:    4
 This function calls:
		_SRV_TIMER_GetTick
 This function is called by:
		_AppTesteLM4040_Controller
 This function uses a non-reentrant model


 *************** function _SRV_TIMER_GetTick *****************
 Defined at:
		line 30 in file "ServiceTimer.c"
 Parameters:    Size  Location     Type
		None
 Auto vars:     Size  Location     Type
		None
 Return value:  Size  Location     Type
                  4    2[COMRAM] unsigned long 
 Registers used:
		fsr2l, fsr2h
 Tracked objects:
		On entry : 
		On exit  : 
		Unchanged: 
 Data sizes:     COMRAM   BANK0   BANK1   BANK2   BANK3   BANK4   BANK5   BANK6   BANK7   BANK8   BANK9  BANK10  BANK11  BANK12  BANK13  BANK14
      Params:         4       0       0       0       0       0       0       0       0       0       0       0       0       0       0       0
      Locals:         0       0       0       0       0       0       0       0       0       0       0       0       0       0       0       0
      Temps:          0       0       0       0       0       0       0       0       0       0       0       0       0       0       0       0
      Totals:         4       0       0       0       0       0       0       0       0       0       0       0       0       0       0       0
Total ram usage:        4 bytes
 Hardware stack levels used:    1
 Hardware stack levels required when called:    3
 This function calls:
		Nothing
 This function is called by:
		_AppTesteLM4040_Calibrando
		_AppTesteLM4040_IdentificaMudanca
		_AppTesteLM4040_Testando
		_AtualizaDisplay
		_exibetensao
 This function uses a non-reentrant model


 *************** function _INTERRUPT_InterruptManager *****************
 Defined at:
		line 58 in file "mcc_generated_files/interrupt_manager.c"
 Parameters:    Size  Location     Type
		None
 Auto vars:     Size  Location     Type
		None
 Return value:  Size  Location     Type
                  1    wreg      void 
 Registers used:
		wreg, status,2, status,0, pclath, tosl, cstack
 Tracked objects:
		On entry : 
		On exit  : 
		Unchanged: 
 Data sizes:     COMRAM   BANK0   BANK1   BANK2   BANK3   BANK4   BANK5   BANK6   BANK7   BANK8   BANK9  BANK10  BANK11  BANK12  BANK13  BANK14
      Params:         0       0       0       0       0       0       0       0       0       0       0       0       0       0       0       0
      Locals:         0       0       0       0       0       0       0       0       0       0       0       0       0       0       0       0
      Temps:          2       0       0       0       0       0       0       0       0       0       0       0       0       0       0       0
      Totals:         2       0       0       0       0       0       0       0       0       0       0       0       0       0       0       0
Total ram usage:        2 bytes
 Hardware stack levels used:    1
 Hardware stack levels required when called:    2
 This function calls:
		_TMR0_ISR
 This function is called by:
		Interrupt level 2
 This function uses a non-reentrant model


 *************** function _TMR0_ISR *****************
 Defined at:
		line 137 in file "mcc_generated_files/tmr0.c"
 Parameters:    Size  Location     Type
		None
 Auto vars:     Size  Location     Type
		None
 Return value:  Size  Location     Type
                  1    wreg      void 
 Registers used:
		wreg, status,2, status,0, pclath, tosl, cstack
 Tracked objects:
		On entry : 
		On exit  : 
		Unchanged: 
 Data sizes:     COMRAM   BANK0   BANK1   BANK2   BANK3   BANK4   BANK5   BANK6   BANK7   BANK8   BANK9  BANK10  BANK11  BANK12  BANK13  BANK14
      Params:         0       0       0       0       0       0       0       0       0       0       0       0       0       0       0       0
      Locals:         0       0       0       0       0       0       0       0       0       0       0       0       0       0       0       0
      Temps:          0       0       0       0       0       0       0       0       0       0       0       0       0       0       0       0
      Totals:         0       0       0       0       0       0       0       0       0       0       0       0       0       0       0       0
Total ram usage:        0 bytes
 Hardware stack levels used:    1
 Hardware stack levels required when called:    1
 This function calls:
		Absolute function
		_SRV_TIMER_TickInterrupt
		_TMR0_DefaultInterruptHandler
 This function is called by:
		_INTERRUPT_InterruptManager
 This function uses a non-reentrant model


 *************** function _SRV_TIMER_TickInterrupt *****************
 Defined at:
		line 25 in file "ServiceTimer.c"
 Parameters:    Size  Location     Type
		None
 Auto vars:     Size  Location     Type
		None
 Return value:  Size  Location     Type
                  1    wreg      void 
 Registers used:
		wreg, status,2, status,0
 Tracked objects:
		On entry : 
		On exit  : 
		Unchanged: 
 Data sizes:     COMRAM   BANK0   BANK1   BANK2   BANK3   BANK4   BANK5   BANK6   BANK7   BANK8   BANK9  BANK10  BANK11  BANK12  BANK13  BANK14
      Params:         0       0       0       0       0       0       0       0       0       0       0       0       0       0       0       0
      Locals:         0       0       0       0       0       0       0       0       0       0       0       0       0       0       0       0
      Temps:          0       0       0       0       0       0       0       0       0       0       0       0       0       0       0       0
      Totals:         0       0       0       0       0       0       0       0       0       0       0       0       0       0       0       0
Total ram usage:        0 bytes
 Hardware stack levels used:    1
 This function calls:
		Nothing
 This function is called by:
		_SRV_TIMER_Init
		_TMR0_ISR
 This function uses a non-reentrant model


 *************** function _TMR0_DefaultInterruptHandler *****************
 Defined at:
		line 163 in file "mcc_generated_files/tmr0.c"
 Parameters:    Size  Location     Type
		None
 Auto vars:     Size  Location     Type
		None
 Return value:  Size  Location     Type
                  1    wreg      void 
 Registers used:
		None
 Tracked objects:
		On entry : 
		On exit  : 
		Unchanged: 
 Data sizes:     COMRAM   BANK0   BANK1   BANK2   BANK3   BANK4   BANK5   BANK6   BANK7   BANK8   BANK9  BANK10  BANK11  BANK12  BANK13  BANK14
      Params:         0       0       0       0       0       0       0       0       0       0       0       0       0       0       0       0
      Locals:         0       0       0       0       0       0       0       0       0       0       0       0       0       0       0       0
      Temps:          0       0       0       0       0       0       0       0       0       0       0       0       0       0       0       0
      Totals:         0       0       0       0       0       0       0       0       0       0       0       0       0       0       0       0
Total ram usage:        0 bytes
 Hardware stack levels used:    1
 This function calls:
		Nothing
 This function is called by:
		_TMR0_Initialize
		_TMR0_ISR
 This function uses a non-reentrant model



MODULE INFORMATION

Module		Function		Class		Link	Load	Size
C:\Program Files (x86)\Microchip\xc8\v2.10\pic\sources\c99\common\floorf.c
		_floorf        		CODE           	3132	0000	531

C:\Program Files (x86)\Microchip\xc8\v2.10\pic\sources\c99\common\floorf.c estimated size: 531

C:\Program Files (x86)\Microchip\xc8\v2.10\pic\sources\c99\common\atoi.c
		_atoi          		CODE           	38A0	0000	411

C:\Program Files (x86)\Microchip\xc8\v2.10\pic\sources\c99\common\atoi.c estimated size: 411

C:\Program Files (x86)\Microchip\xc8\v2.10\pic\sources\c99\common\fleq.c
		___fleq        		CODE           	44CA	0000	171

C:\Program Files (x86)\Microchip\xc8\v2.10\pic\sources\c99\common\fleq.c estimated size: 171

C:\Program Files (x86)\Microchip\xc8\v2.10\pic\sources\c99\common\lodiv.c
		___lodiv       		CODE           	3F2A	0000	241

C:\Program Files (x86)\Microchip\xc8\v2.10\pic\sources\c99\common\lodiv.c estimated size: 241

C:\Program Files (x86)\Microchip\xc8\v2.10\pic\sources\c99\common\xxtofl.c
		___xxtofl      		CODE           	3548	0000	437

C:\Program Files (x86)\Microchip\xc8\v2.10\pic\sources\c99\common\xxtofl.c estimated size: 437

mcc_generated_files/interrupt_manager.c
		_INTERRUPT_Initialize		CODE           	50CE	0000	5
		_INTERRUPT_InterruptManager		CODE           	0008	0000	55

mcc_generated_files/interrupt_manager.c estimated size: 60

C:\Program Files (x86)\Microchip\xc8\v2.10\pic\sources\c99\common\awdiv.c
		___awdiv       		CODE           	4356	0000	197

C:\Program Files (x86)\Microchip\xc8\v2.10\pic\sources\c99\common\awdiv.c estimated size: 197

C:\Program Files (x86)\Microchip\xc8\v2.10\pic\sources\c99\common\isspace.c
		_isspace       		CODE           	4B78	0000	83

C:\Program Files (x86)\Microchip\xc8\v2.10\pic\sources\c99\common\isspace.c estimated size: 83

C:\Program Files (x86)\Microchip\xc8\v2.10\pic\sources\c99\common\strlen.c
		_strlen        		CODE           	4EA0	0000	55

C:\Program Files (x86)\Microchip\xc8\v2.10\pic\sources\c99\common\strlen.c estimated size: 55

C:\Program Files (x86)\Microchip\xc8\v2.10\pic\sources\c99\common\fltol.c
		___fltol       		CODE           	3A3A	0000	263

C:\Program Files (x86)\Microchip\xc8\v2.10\pic\sources\c99\common\fltol.c estimated size: 263

mcc_generated_files/tmr0.c
		_TMR0_SetInterruptHandler		CODE           	50B0	0000	11
		_TMR0_DefaultInterruptHandler		CODE           	50D8	0000	3
		_TMR0_ISR      		CODE           	4D18	0000	59
		_TMR0_Initialize		CODE           	4D52	0000	57

mcc_generated_files/tmr0.c estimated size: 130

Driver_LCD.c
		_DRV_LCD_BLK   		CODE           	50D4	0000	3
		_DRV_LCD_Cmd   		CODE           	4F52	0000	33
		_DRV_LCD_Data  		CODE           	4A72	0000	93
		_DRV_LCD_Init  		CODE           	487A	0000	113
		_DRV_LCD_WriteString		CODE           	4CD8	0000	65
		_DRV_LCD_Clear 		CODE           	50A2	0000	15
		_DRV_LCD_WriteChar		CODE           	4E32	0000	57
		_DRV_LCD_SetCursor		CODE           	48EA	0000	103

Driver_LCD.c estimated size: 482

C:\Program Files (x86)\Microchip\xc8\v2.10\pic\sources\c99\common\strcpy.c
		_strcpy        		CODE           	4A14	0000	95

C:\Program Files (x86)\Microchip\xc8\v2.10\pic\sources\c99\common\strcpy.c estimated size: 95

mcc_generated_files/pin_manager.c
		_PIN_MANAGER_Initialize		CODE           	4E6A	0000	55

mcc_generated_files/pin_manager.c estimated size: 55

C:\Program Files (x86)\Microchip\xc8\v2.10\pic\sources\c99\common\strncmp.c
		_strncmp       		CODE           	401A	0000	221

C:\Program Files (x86)\Microchip\xc8\v2.10\pic\sources\c99\common\strncmp.c estimated size: 221

C:\Program Files (x86)\Microchip\xc8\v2.10\pic\sources\c99\common\tolower.c
		_tolower       		CODE           	49B4	0000	97

C:\Program Files (x86)\Microchip\xc8\v2.10\pic\sources\c99\common\tolower.c estimated size: 97

C:\Program Files (x86)\Microchip\xc8\v2.10\pic\sources\c99\common\sprcmul.c
		___flmul       		CODE           	26EC	0000	1067

C:\Program Files (x86)\Microchip\xc8\v2.10\pic\sources\c99\common\sprcmul.c estimated size: 1067

C:\Program Files (x86)\Microchip\xc8\v2.10\pic\sources\c99\common\__lldiv.c
		___lldiv       		CODE           	46C0	0000	165

C:\Program Files (x86)\Microchip\xc8\v2.10\pic\sources\c99\common\__lldiv.c estimated size: 165

C:\Program Files (x86)\Microchip\xc8\v2.10\pic\sources\c99\common\sprcdiv.c
		___fldiv       		CODE           	2B16	0000	923

C:\Program Files (x86)\Microchip\xc8\v2.10\pic\sources\c99\common\sprcdiv.c estimated size: 923

mcc_generated_files/adc.c
		_ADC_Initialize		CODE           	501E	0000	23
		_ADC_IsConversionDone		CODE           	504A	0000	21
		_ADC_GetConversionResult		CODE           	505E	0000	21
		_ADC_StartConversion		CODE           	4F72	0000	27

mcc_generated_files/adc.c estimated size: 92

C:\Program Files (x86)\Microchip\xc8\v2.10\pic\sources\c99\common\doprnt.c
		_vfpfcnvrt     		CODE           	1B42	0000	1771
		_efgtoa        		CODE           	0F92	0000	2993
		_pad           		CODE           	4290	0000	199
		_vfprintf      		CODE           	4950	0000	101
		_utoa          		CODE           	3344	0000	517

C:\Program Files (x86)\Microchip\xc8\v2.10\pic\sources\c99\common\doprnt.c estimated size: 5581

C:\Program Files (x86)\Microchip\xc8\v2.10\pic\sources\c99\common\nf_fputs.c
		_fputs         		CODE           	4C10	0000	69

C:\Program Files (x86)\Microchip\xc8\v2.10\pic\sources\c99\common\nf_fputs.c estimated size: 69

C:\Program Files (x86)\Microchip\xc8\v2.10\pic\sources\c99\common\flge.c
		___flge        		CODE           	3B40	0000	261

C:\Program Files (x86)\Microchip\xc8\v2.10\pic\sources\c99\common\flge.c estimated size: 261

C:\Program Files (x86)\Microchip\xc8\v2.10\pic\sources\c99\common\flneg.c
		___flneg       		CODE           	4DC2	0000	57

C:\Program Files (x86)\Microchip\xc8\v2.10\pic\sources\c99\common\flneg.c estimated size: 57

shared
		__initialization		CODE           	4ACE	0000	79

shared estimated size: 79

mcc_generated_files/mcc.c
		_OSCILLATOR_Initialize		CODE           	5072	0000	19
		_SYSTEM_Initialize		CODE           	5008	0000	23

mcc_generated_files/mcc.c estimated size: 42

C:\Program Files (x86)\Microchip\xc8\v2.10\pic\sources\c99\common\putch.c
		_putch         		CODE           	50D6	0000	3

C:\Program Files (x86)\Microchip\xc8\v2.10\pic\sources\c99\common\putch.c estimated size: 3

SRV_Display.c
		_writeTela     		CODE           	4C98	0000	65
		_SRV_Display_Run		CODE           	50C8	0000	7
		_SRV_Display_SetCursor		CODE           	5094	0000	15
		_SRV_Display_Init		CODE           	4F30	0000	35
		_SRV_Display_Write		CODE           	4F8C	0000	27
		_SRV_Display_Clear		CODE           	50C2	0000	7
		_SRV_Display_BLK_ON		CODE           	50BA	0000	9

SRV_Display.c estimated size: 165

C:\Program Files (x86)\Microchip\xc8\v2.10\pic\sources\c99\common\isdigit.c
		_isdigit       		CODE           	4DFA	0000	57

C:\Program Files (x86)\Microchip\xc8\v2.10\pic\sources\c99\common\isdigit.c estimated size: 57

AppTesteLM4040.c
		_AppTesteLM4040_IdentificaMudanca		CODE           	3E38	0000	243
		_ServiceAD_Media		CODE           	3D42	0000	247
		_AppTesteLM4040_Testando		CODE           	36FC	0000	421
		_AppTesteLM4040_Run		CODE           	5034	0000	23
		_exibetensao   		CODE           	47F8	0000	131
		_AppTesteLM4040_Controller		CODE           	4574	0000	169
		_AppTesteLM4040_Calibrando		CODE           	4764	0000	149
		_AppTesteLM4040_inicialize		CODE           	461C	0000	165
		_LeituraAD_run 		CODE           	4ED6	0000	53
		_AtualizaDisplay		CODE           	2EB0	0000	643

AppTesteLM4040.c estimated size: 2244

C:\Program Files (x86)\Microchip\xc8\v2.10\pic\sources\c99\common\lomod.c
		___lomod       		CODE           	40F6	0000	209

C:\Program Files (x86)\Microchip\xc8\v2.10\pic\sources\c99\common\lomod.c estimated size: 209

C:\Program Files (x86)\Microchip\xc8\v2.10\pic\sources\c99\common\sprcadd.c
		___flsub       		CODE           	4BCA	0000	71
		___fladd       		CODE           	222C	0000	1217

C:\Program Files (x86)\Microchip\xc8\v2.10\pic\sources\c99\common\sprcadd.c estimated size: 1288

C:\Program Files (x86)\Microchip\xc8\v2.10\pic\sources\c99\common\nf_sprintf.c
		_sprintf       		CODE           	4B26	0000	83

C:\Program Files (x86)\Microchip\xc8\v2.10\pic\sources\c99\common\nf_sprintf.c estimated size: 83

C:\Program Files (x86)\Microchip\xc8\v2.10\pic\sources\c99\common\Umul16.c
		___wmul        		CODE           	4F0A	0000	39

C:\Program Files (x86)\Microchip\xc8\v2.10\pic\sources\c99\common\Umul16.c estimated size: 39

mcc_generated_files/memory.c
		_DATAEE_WriteByte		CODE           	4C54	0000	69
		_DATAEE_ReadByte		CODE           	4FF0	0000	25

mcc_generated_files/memory.c estimated size: 94

C:\Program Files (x86)\Microchip\xc8\v2.10\pic\sources\c99\common\awmod.c
		___awmod       		CODE           	441A	0000	177

C:\Program Files (x86)\Microchip\xc8\v2.10\pic\sources\c99\common\awmod.c estimated size: 177

ServiceTimer.c
		_SRV_TIMER_GetTick		CODE           	4FA6	0000	27
		_SRV_TIMER_Init		CODE           	4FD8	0000	25
		_SRV_TIMER_TickInterrupt		CODE           	5084	0000	17

ServiceTimer.c estimated size: 69

main.c
		_main          		CODE           	4FC0	0000	25

main.c estimated size: 25

C:\Program Files (x86)\Microchip\xc8\v2.10\pic\sources\c99\common\isupper.c
		_isupper       		CODE           	4D8A	0000	57

C:\Program Files (x86)\Microchip\xc8\v2.10\pic\sources\c99\common\isupper.c estimated size: 57

C:\Program Files (x86)\Microchip\xc8\v2.10\pic\sources\c99\common\__fpclassifyf.c
		___fpclassifyf 		CODE           	3C44	0000	255

C:\Program Files (x86)\Microchip\xc8\v2.10\pic\sources\c99\common\__fpclassifyf.c estimated size: 255

C:\Program Files (x86)\Microchip\xc8\v2.10\pic\sources\c99\common\nf_fputc.c
		_fputc         		CODE           	41C6	0000	203

C:\Program Files (x86)\Microchip\xc8\v2.10\pic\sources\c99\common\nf_fputc.c estimated size: 203

